[jue 02/07/2026 14:07:00,77] Iniciando cierre automatico... 
[auto_close_cash] Verificando cierre para 2026-07-02...
[auto_close_cash] Cierre ejecutado: 0 viajes, fecha 2026-07-02.
[jue 02/07/2026 14:07:05,70] Proceso finalizado con codigo 0. 
[jue 02/07/2026 14:12:15,84] Iniciando cierre automatico... 
[auto_close_cash] Verificando cierre para 2026-07-02...
[auto_close_cash] El día 2026-07-02 ya tiene cierre de caja. Sin acción.
[jue 02/07/2026 14:12:19,90] Proceso finalizado con codigo 0. 
[s b 04/07/2026 22:25:40,41] Iniciando cierre automatico... 
^C[dom 05/07/2026  0:00:04,09] Iniciando cierre automatico... 
[auto_close_cash] Verificando cierre para 2026-07-05...
[auto_close_cash] Cierre ejecutado: 0 viajes, fecha 2026-07-05.
[dom 05/07/2026  0:00:15,51] Proceso finalizado con codigo 0. 
[mar 07/07/2026 11:59:59,49] Iniciando cierre automatico... 
[auto_close_cash] Verificando cierre para 2026-07-07...
[auto_close_cash] Cierre ejecutado: 0 viajes, fecha 2026-07-07.
[mar 07/07/2026 12:00:07,08] Proceso finalizado con codigo 0. 
[mi‚ 08/07/2026  0:00:04,72] Iniciando cierre automatico... 
[auto_close_cash] Verificando cierre para 2026-07-08...
[auto_close_cash] Cierre ejecutado: 0 viajes, fecha 2026-07-08.
[mi‚ 08/07/2026  0:00:12,08] Proceso finalizado con codigo 0. 
[mar 14/07/2026 20:23:20,80] Iniciando cierre automatico... 
[auto_close_cash] Verificando cierre para 2026-07-15...
[auto_close_cash] Cierre ejecutado: 0 viajes, fecha 2026-07-15.
[mar 14/07/2026 20:23:29,89] Proceso finalizado con codigo 0. 
[mar 14/07/2026 20:28:20,24] Iniciando cierre automatico... 
[auto_close_cash] Verificando cierre para 2026-07-15...
[auto_close_cash] El día 2026-07-15 ya tiene cierre de caja. Sin acción.
[mar 14/07/2026 20:28:23,69] Proceso finalizado con codigo 0. 
[mi‚ 15/07/2026  0:00:04,21] Iniciando cierre automatico... 
[vie 17/07/2026 20:14:46,26] Iniciando cierre automatico... 
[s b 18/07/2026 22:34:09,05] Iniciando cierre automatico... 
^C[dom 19/07/2026 21:51:19,20] Iniciando cierre automatico... 
^C[lun 20/07/2026  0:00:05,11] Iniciando cierre automatico... 
^C[mar 21/07/2026  0:00:05,00] Iniciando cierre automatico... 
^C[mi‚ 22/07/2026 18:20:57,14] Iniciando cierre automatico... 
^C[jue 23/07/2026 22:29:00,35] Iniciando cierre automatico... 
^C[vie 24/07/2026  0:00:04,71] Iniciando cierre automatico... 
[auto_close_cash] Verificando cierre para 2026-07-24...
[auto_close_cash] Cierre ejecutado: 0 viajes, fecha 2026-07-24.
[vie 24/07/2026  0:00:09,78] Proceso finalizado con codigo 0. 
[dom 26/07/2026 16:37:09,12] Iniciando cierre automatico... 
^C[lun 27/07/2026  0:28:13,16] Iniciando cierre automatico... 
[auto_close_cash] Verificando cierre para 2026-07-27...
[auto_close_cash] Cierre ejecutado: 0 viajes, fecha 2026-07-27.
[lun 27/07/2026  0:28:15,26] Proceso finalizado con codigo 0. 
[mi‚ 29/07/2026 22:38:17,39] Iniciando cierre automatico... 
^C[jue 30/07/2026  0:00:02,11] Iniciando cierre automatico... 
[auto_close_cash] Verificando cierre para 2026-07-30...
[auto_close_cash] Cierre ejecutado: 0 viajes, fecha 2026-07-30.
[jue 30/07/2026  0:00:05,03] Proceso finalizado con codigo 0. 
[vie 31/07/2026  0:00:04,17] Iniciando cierre automatico... 
[auto_close_cash] Verificando cierre para 2026-07-31...
[auto_close_cash] Cierre ejecutado: 0 viajes, fecha 2026-07-31.
[vie 31/07/2026  0:00:13,33] Proceso finalizado con codigo 0. 
[s b 01/08/2026 22:05:53,13] Iniciando cierre automatico... 
[dom 02/08/2026  0:00:03,19] Iniciando cierre automatico... 
^C[mar 04/08/2026 20:38:24,81] Iniciando cierre automatico... 
[mi‚ 05/08/2026  5:59:33,86] Iniciando cierre automatico... 
[auto_close_cash] Error al ejecutar el cierre: no existe la columna EXPENSE.state
LINE 1: ... WHERE ("EXPENSE"."date" = '2026-08-05'::date AND "EXPENSE"....
                                                             ^
HINT:  Probablemente quiera hacer referencia a la columna «EXPENSE.date».
[auto_close_cash] Verificando cierre para 2026-08-05...
[mi‚ 05/08/2026  5:59:36,27] Proceso finalizado con codigo 1. 
[jue 06/08/2026  0:00:02,37] Iniciando cierre automatico... 
[auto_close_cash] Verificando cierre para 2026-08-06...
[auto_close_cash] Cierre ejecutado: 0 viajes, fecha 2026-08-06.
[jue 06/08/2026  0:00:05,59] Proceso finalizado con codigo 0. 
[vie 07/08/2026 13:24:36,88] Iniciando cierre automatico... 
[auto_close_cash] Verificando cierre para 2026-08-07...
[auto_close_cash] Cierre ejecutado: 0 viajes, fecha 2026-08-07.
[vie 07/08/2026 13:24:44,07] Proceso finalizado con codigo 0. 
[s b 08/08/2026  0:00:02,90] Iniciando cierre automatico... 
[auto_close_cash] Verificando cierre para 2026-08-08...
[auto_close_cash] Cierre ejecutado: 0 viajes, fecha 2026-08-08.
[s b 08/08/2026  0:00:05,47] Proceso finalizado con codigo 0. 
[dom 09/08/2026 14:11:02,00] Iniciando cierre automatico... 
[auto_close_cash] Verificando cierre para 2026-08-09...
[auto_close_cash] Cierre ejecutado: 0 viajes, fecha 2026-08-09.
[dom 09/08/2026 14:11:07,81] Proceso finalizado con codigo 0. 
[lun 10/08/2026  0:00:02,53] Iniciando cierre automatico... 
[auto_close_cash] Verificando cierre para 2026-08-10...
[auto_close_cash] Cierre ejecutado: 0 viajes, fecha 2026-08-10.
[lun 10/08/2026  0:00:05,06] Proceso finalizado con codigo 0. 
[mi‚ 12/08/2026  0:02:01,28] Iniciando cierre automatico... 
[auto_close_cash] Verificando cierre para 2026-08-11...
[auto_close_cash] Cierre ejecutado: 5 viajes, fecha 2026-08-11.
[mi‚ 12/08/2026  0:02:04,65] Proceso finalizado con codigo 0. 
[vie 14/08/2026 21:42:03,91] Iniciando cierre automatico... 
[auto_close_cash] Verificando cierre para 2026-08-13...
[auto_close_cash] Cierre ejecutado: 0 viajes, fecha 2026-08-13.
[vie 14/08/2026 21:42:14,64] Proceso finalizado con codigo 0. 
[jue 20/08/2026 23:48:53,69] Iniciando cierre automatico... 
[auto_close_cash] Verificando cierre para 2026-08-19...
[auto_close_cash] Cierre ejecutado: 0 viajes, fecha 2026-08-19.
[jue 20/08/2026 23:49:05,72] Proceso finalizado con codigo 0. 
[vie 21/08/2026  0:00:03,13] Iniciando cierre automatico... 
[auto_close_cash] Verificando cierre para 2026-08-20...
[auto_close_cash] Cierre ejecutado: 0 viajes, fecha 2026-08-20.
[vie 21/08/2026  0:00:06,61] Proceso finalizado con codigo 0. 
[dom 23/08/2026 19:16:45,15] Iniciando cierre automatico... 
[auto_close_cash] Verificando cierre para 2026-08-22...
[auto_close_cash] Cierre ejecutado: 0 viajes, fecha 2026-08-22.
[dom 23/08/2026 19:16:52,85] Proceso finalizado con codigo 0. 
[lun 24/08/2026  0:00:02,57] Iniciando cierre automatico... 
[auto_close_cash] Verificando cierre para 2026-08-23...
[auto_close_cash] Cierre ejecutado: 3 viajes, fecha 2026-08-23.
[lun 24/08/2026  0:00:04,75] Proceso finalizado con codigo 0. 
